[demo.bootstrapdash.com/azia/src/template/dashboard-one.html]
[backblue.gif]
[fade.gif]
[index.html]
[demo.bootstrapdash.com/azia/src/lib/fontawesome-free/css/all.min.css]
[demo.bootstrapdash.com/azia/src/lib/ionicons/css/ionicons.min.css]
[demo.bootstrapdash.com/azia/src/lib/typicons.font/typicons.css]
[demo.bootstrapdash.com/azia/src/lib/flag-icon-css/css/flag-icon.min.css]
[demo.bootstrapdash.com/azia/src/css/azia.css]
[demo.bootstrapdash.com/azia/src/template/index.html]
[demo.bootstrapdash.com/azia/src/template/dashboard-two.html]
[demo.bootstrapdash.com/azia/src/template/dashboard-three.html]
[demo.bootstrapdash.com/azia/src/template/dashboard-four.html]
[demo.bootstrapdash.com/azia/src/template/dashboard-five.html]
[demo.bootstrapdash.com/azia/src/template/dashboard-six.html]
[demo.bootstrapdash.com/azia/src/template/dashboard-seven.html]
[demo.bootstrapdash.com/azia/src/template/dashboard-eight.html]
[demo.bootstrapdash.com/azia/src/template/dashboard-nine.html]
[demo.bootstrapdash.com/azia/src/template/dashboard-ten.html]
[demo.bootstrapdash.com/azia/src/template/app-mail.html]
[demo.bootstrapdash.com/azia/src/template/app-chat.html]
[demo.bootstrapdash.com/azia/src/template/app-calendar.html]
[demo.bootstrapdash.com/azia/src/template/app-contacts.html]
[demo.bootstrapdash.com/azia/src/template/app-kanban.html]
[demo.bootstrapdash.com/azia/src/template/app-tickets.html]
[demo.bootstrapdash.com/azia/src/template/page-profile.html]
[demo.bootstrapdash.com/azia/src/template/page-invoice.html]
[demo.bootstrapdash.com/azia/src/template/page-signin.html]
[demo.bootstrapdash.com/azia/src/template/page-signup.html]
[demo.bootstrapdash.com/azia/src/template/page-404.html]
[demo.bootstrapdash.com/azia/src/template/page-faq.html]
[demo.bootstrapdash.com/azia/src/template/page-news-grid.html]
[demo.bootstrapdash.com/azia/src/template/page-product-catalogue.html]
[demo.bootstrapdash.com/azia/src/template/page-project-list.html]
[demo.bootstrapdash.com/azia/src/template/page-order.html]
[demo.bootstrapdash.com/azia/src/template/page-pricing.html]
[demo.bootstrapdash.com/azia/src/template/landing-sass.html]
[demo.bootstrapdash.com/azia/src/template/elem-accordion.html]
[demo.bootstrapdash.com/azia/src/template/elem-alerts.html]
[demo.bootstrapdash.com/azia/src/template/elem-avatar.html]
[demo.bootstrapdash.com/azia/src/template/elem-badge.html]
[demo.bootstrapdash.com/azia/src/template/elem-breadcrumbs.html]
[demo.bootstrapdash.com/azia/src/template/elem-buttons.html]
[demo.bootstrapdash.com/azia/src/template/elem-cards.html]
[demo.bootstrapdash.com/azia/src/template/elem-carousel.html]
[demo.bootstrapdash.com/azia/src/template/elem-collapse.html]
[demo.bootstrapdash.com/azia/src/template/elem-dropdown.html]
[demo.bootstrapdash.com/azia/src/template/elem-icons.html]
[demo.bootstrapdash.com/azia/src/template/elem-images.html]
[demo.bootstrapdash.com/azia/src/template/elem-list-group.html]
[demo.bootstrapdash.com/azia/src/template/elem-media-object.html]
[demo.bootstrapdash.com/azia/src/template/elem-modals.html]
[demo.bootstrapdash.com/azia/src/template/elem-navigation.html]
[demo.bootstrapdash.com/azia/src/template/elem-pagination.html]
[demo.bootstrapdash.com/azia/src/template/elem-popover.html]
[demo.bootstrapdash.com/azia/src/template/elem-progress.html]
[demo.bootstrapdash.com/azia/src/template/elem-spinners.html]
[demo.bootstrapdash.com/azia/src/template/elem-toast.html]
[demo.bootstrapdash.com/azia/src/template/elem-tooltip.html]
[demo.bootstrapdash.com/azia/src/template/form-elements.html]
[demo.bootstrapdash.com/azia/src/template/form-layouts.html]
[demo.bootstrapdash.com/azia/src/template/form-validation.html]
[demo.bootstrapdash.com/azia/src/template/form-wizards.html]
[demo.bootstrapdash.com/azia/src/template/form-editor.html]
[demo.bootstrapdash.com/azia/src/template/chart-morris.html]
[demo.bootstrapdash.com/azia/src/template/chart-flot.html]
[demo.bootstrapdash.com/azia/src/template/chart-chartjs.html]
[demo.bootstrapdash.com/azia/src/template/chart-sparkline.html]
[demo.bootstrapdash.com/azia/src/template/chart-peity.html]
[demo.bootstrapdash.com/azia/src/template/map-google.html]
[demo.bootstrapdash.com/azia/src/template/map-leaflet.html]
[demo.bootstrapdash.com/azia/src/template/map-vector.html]
[demo.bootstrapdash.com/azia/src/template/table-basic.html]
[demo.bootstrapdash.com/azia/src/template/table-data.html]
[demo.bootstrapdash.com/azia/src/template/util-background.html]
[demo.bootstrapdash.com/azia/src/template/util-border.html]
[demo.bootstrapdash.com/azia/src/template/util-display.html]
[demo.bootstrapdash.com/azia/src/template/util-flex.html]
[demo.bootstrapdash.com/azia/src/template/util-height.html]
[demo.bootstrapdash.com/azia/src/template/util-margin.html]
[demo.bootstrapdash.com/azia/src/template/util-padding.html]
[demo.bootstrapdash.com/azia/src/template/util-position.html]
[demo.bootstrapdash.com/azia/src/template/util-typography.html]
[demo.bootstrapdash.com/azia/src/template/util-width.html]
[demo.bootstrapdash.com/azia/src/template/util-extras.html]
[demo.bootstrapdash.com/azia/src/template/russia.html]
[demo.bootstrapdash.com/azia/src/template/chinese.html]
[demo.bootstrapdash.com/azia/src/img/faces/face2.jpg]
[demo.bootstrapdash.com/azia/src/img/faces/face3.jpg]
[demo.bootstrapdash.com/azia/src/img/faces/face4.jpg]
[demo.bootstrapdash.com/azia/src/img/faces/face5.jpg]
[demo.bootstrapdash.com/azia/src/img/faces/face1.jpg]
[demo.bootstrapdash.com/azia/src/lib/jquery/jquery.min.js]
[demo.bootstrapdash.com/azia/src/lib/bootstrap/js/bootstrap.min.js]
[demo.bootstrapdash.com/azia/src/lib/ionicons/ionicons.js]
[demo.bootstrapdash.com/azia/src/lib/jquery.flot/jquery.flot.js]
[demo.bootstrapdash.com/azia/src/lib/jquery.flot/jquery.flot.resize.js]
[demo.bootstrapdash.com/azia/src/lib/chart.js/Chart.bundle.min.js]
[demo.bootstrapdash.com/azia/src/lib/peity/jquery.peity.min.js]
[demo.bootstrapdash.com/azia/src/js/jquery.cookie.js]
[demo.bootstrapdash.com/azia/src/js/azia.js]
[demo.bootstrapdash.com/azia/src/js/chart.flot.sampledata.js]
[demo.bootstrapdash.com/azia/src/template/dashboard-one.html]
[demo.bootstrapdash.com/azia/src/lib/fontawesome-free/css/all.min.css]
[demo.bootstrapdash.com/azia/src/lib/ionicons/css/ionicons.min.css]
[demo.bootstrapdash.com/azia/src/js/dashboard.sampledata.js]
[demo.bootstrapdash.com/azia/src/lib/typicons.font/typicons.eot]
[demo.bootstrapdash.com/azia/src/lib/typicons.font/typiconsd41d.eot]
[demo.bootstrapdash.com/azia/src/lib/typicons.font/typicons.woff]
[demo.bootstrapdash.com/azia/src/lib/typicons.font/typicons.ttf]
[demo.bootstrapdash.com/azia/src/lib/typicons.font/typicons.css]
[demo.bootstrapdash.com/azia/src/lib/flag-icon-css/css/flag-icon.min.css]
[demo.bootstrapdash.com/azia/src/lib/typicons.font/typicons.svg]
[demo.bootstrapdash.com/azia/img/samples/300x300/1.jpg]
[demo.bootstrapdash.com/azia/img/samples/300x300/2.jpg]
[demo.bootstrapdash.com/azia/img/samples/300x300/3.jpg]
[demo.bootstrapdash.com/azia/src/css/azia.css]
[demo.bootstrapdash.com/azia/src/img/one.jpg]
[demo.bootstrapdash.com/azia/src/img/seven.jpg]
[demo.bootstrapdash.com/azia/src/img/ten.jpg]
[demo.bootstrapdash.com/azia/src/img/eight.jpg]
[demo.bootstrapdash.com/azia/src/img/five.jpg]
[demo.bootstrapdash.com/azia/src/img/six.jpg]
[demo.bootstrapdash.com/azia/src/img/four.jpg]
[demo.bootstrapdash.com/azia/src/img/two.jpg]
[demo.bootstrapdash.com/azia/src/img/three.jpg]
[demo.bootstrapdash.com/azia/src/img/nine.jpg]
[demo.bootstrapdash.com/azia/src/template/index.html]
[demo.bootstrapdash.com/azia/src/lib/morris.js/morris.css]
[demo.bootstrapdash.com/azia/src/lib/jqvmap/jqvmap.min.css]
[demo.bootstrapdash.com/azia/src/lib/jquery-sparkline/jquery.sparkline.min.js]
[demo.bootstrapdash.com/azia/src/lib/raphael/raphael.min.js]
[demo.bootstrapdash.com/azia/src/lib/morris.js/morris.min.js]
[demo.bootstrapdash.com/azia/src/lib/jqvmap/jquery.vmap.min.js]
[demo.bootstrapdash.com/azia/src/template/dashboard-two.html]
[demo.bootstrapdash.com/azia/src/lib/jqvmap/maps/jquery.vmap.usa.js]
[demo.bootstrapdash.com/azia/src/lib/jqvmap/maps/jquery.vmap.world.js]
[demo.bootstrapdash.com/azia/src/lib/jquery.flot/jquery.flot.crosshair.js]
[demo.bootstrapdash.com/azia/src/template/dashboard-three.html]
[demo.bootstrapdash.com/azia/src/js/jquery.vmap.sampledata.js]
[demo.bootstrapdash.com/azia/src/img/faces/face6.jpg]
[demo.bootstrapdash.com/azia/src/img/faces/face7.jpg]
[demo.bootstrapdash.com/azia/src/img/faces/face9.jpg]
[demo.bootstrapdash.com/azia/src/img/faces/face8.jpg]
[demo.bootstrapdash.com/azia/src/lib/jquery-ui/ui/widgets/datepicker.js]
[demo.bootstrapdash.com/azia/src/template/dashboard-four.html]
[demo.bootstrapdash.com/azia/src/lib/jquery.flot/jquery.flot.pie.js]
[demo.bootstrapdash.com/azia/src/img/faces/face16.jpg]
[demo.bootstrapdash.com/azia/src/img/faces/face17.jpg]
[demo.bootstrapdash.com/azia/src/img/faces/face18.jpg]
[demo.bootstrapdash.com/azia/src/img/faces/face19.jpg]
[demo.bootstrapdash.com/azia/src/template/dashboard-five.html]
[demo.bootstrapdash.com/azia/src/template/dashboard-six.html]
[demo.bootstrapdash.com/azia/src/lib/lightslider/css/lightslider.min.css]
[demo.bootstrapdash.com/azia/src/lib/cryptofont/css/cryptofont.min.css]
[demo.bootstrapdash.com/azia/src/template/dashboard-seven.html]
[demo.bootstrapdash.com/azia/src/template/dashboard-eight.html]
[demo.bootstrapdash.com/azia/src/lib/lightslider/js/lightslider.min.js]
[demo.bootstrapdash.com/azia/src/template/dashboard-nine.html]
[demo.bootstrapdash.com/azia/src/lib/perfect-scrollbar/perfect-scrollbar.min.js]
[demo.bootstrapdash.com/azia/src/lib/jquery.flot/jquery.flot.categories.js]
[demo.bootstrapdash.com/azia/src/template/dashboard-ten.html]
[demo.bootstrapdash.com/azia/src/template/app-mail.html]
[demo.bootstrapdash.com/azia/src/lib/flot.curvedlines/curvedLines.js]
[demo.bootstrapdash.com/azia/src/img/faces/face10.jpg]
[demo.bootstrapdash.com/azia/src/img/faces/face20.jpg]
[demo.bootstrapdash.com/azia/src/img/faces/face21.jpg]
[demo.bootstrapdash.com/azia/src/img/faces/face12.jpg]
[demo.bootstrapdash.com/azia/src/template/app-chat.html]
[demo.bootstrapdash.com/azia/src/lib/fullcalendar/fullcalendar.min.css]
[demo.bootstrapdash.com/azia/src/lib/select2/css/select2.min.css]
[demo.bootstrapdash.com/azia/src/lib/moment/min/moment.min.js]
[demo.bootstrapdash.com/azia/src/lib/fullcalendar/fullcalendar.min.js]
[demo.bootstrapdash.com/azia/src/lib/select2/js/select2.full.min.js]
[demo.bootstrapdash.com/azia/src/js/app-calendar-events.js]
[demo.bootstrapdash.com/azia/src/template/app-calendar.html]
[demo.bootstrapdash.com/azia/src/js/app-calendar.js]
[demo.bootstrapdash.com/azia/src/img/faces/face22.jpg]
[demo.bootstrapdash.com/azia/src/template/app-contacts.html]
[demo.bootstrapdash.com/azia/src/img/samples/300x300/1.jpg]
[demo.bootstrapdash.com/azia/src/template/app-kanban.html]
[code.jquery.com/ui/1.12.1/jquery-ui.min.js]
[demo.bootstrapdash.com/azia/src/img/faces/face13.jpg]
[demo.bootstrapdash.com/azia/src/img/faces/face14.jpg]
[demo.bootstrapdash.com/azia/src/img/faces/face11.jpg]
[demo.bootstrapdash.com/azia/src/img/faces/face15.jpg]
[demo.bootstrapdash.com/azia/src/template/app-tickets.html]
[demo.bootstrapdash.com/azia/src/template/page-profile.html]
[demo.bootstrapdash.com/azia/src/template/page-invoice.html]
[demo.bootstrapdash.com/azia/src/template/page-signin.html]
[demo.bootstrapdash.com/azia/src/template/page-signup.html]
[demo.bootstrapdash.com/azia/src/template/page-404.html]
[demo.bootstrapdash.com/azia/src/template/page-faq.html]
[demo.bootstrapdash.com/azia/src/img/samples/300x300/3.jpg]
[demo.bootstrapdash.com/azia/src/img/samples/300x300/9.jpg]
[demo.bootstrapdash.com/azia/src/img/samples/300x300/5.jpg]
[demo.bootstrapdash.com/azia/src/img/samples/300x300/2.jpg]
[demo.bootstrapdash.com/azia/src/img/samples/300x300/8.jpg]
[demo.bootstrapdash.com/azia/src/img/samples/300x300/6.jpg]
[demo.bootstrapdash.com/azia/src/img/samples/300x300/10.jpg]
[demo.bootstrapdash.com/azia/src/template/page-news-grid.html]
[demo.bootstrapdash.com/azia/src/img/product_images_2/thumb_image12.jpg]
[demo.bootstrapdash.com/azia/src/img/product_images_2/thumb_image1.jpg]
[demo.bootstrapdash.com/azia/src/img/product_images_2/thumb_image2.jpg]
[demo.bootstrapdash.com/azia/src/img/product_images_2/thumb_image3.jpg]
[demo.bootstrapdash.com/azia/src/img/product_images_2/thumb_image4.jpg]
[demo.bootstrapdash.com/azia/src/img/product_images_2/thumb_image5.jpg]
[demo.bootstrapdash.com/azia/src/img/product_images_2/thumb_image6.jpg]
[demo.bootstrapdash.com/azia/src/img/product_images_2/thumb_image7.jpg]
[demo.bootstrapdash.com/azia/src/img/product_images_2/thumb_image8.jpg]
[demo.bootstrapdash.com/azia/src/img/product_images_2/thumb_image9.jpg]
[demo.bootstrapdash.com/azia/src/img/product_images_2/thumb_image10.jpg]
[demo.bootstrapdash.com/azia/src/img/product_images_2/thumb_image11.jpg]
[demo.bootstrapdash.com/azia/src/template/page-product-catalogue.html]
[demo.bootstrapdash.com/azia/src/img/samples/300x300/7.jpg]
[demo.bootstrapdash.com/azia/src/template/page-project-list.html]
[demo.bootstrapdash.com/azia/src/img/samples/300x300/12.jpg]
[demo.bootstrapdash.com/azia/src/lib/datatables.net-dt/css/jquery.dataTables.min.css]
[demo.bootstrapdash.com/azia/src/lib/datatables.net-responsive-dt/css/responsive.dataTables.min.css]
[demo.bootstrapdash.com/azia/src/lib/datatables.net/js/jquery.dataTables.min.js]
[demo.bootstrapdash.com/azia/src/lib/datatables.net-dt/js/dataTables.dataTables.min.js]
[demo.bootstrapdash.com/azia/src/lib/datatables.net-responsive/js/dataTables.responsive.min.js]
[demo.bootstrapdash.com/azia/src/lib/datatables.net-responsive-dt/js/responsive.dataTables.min.js]
[demo.bootstrapdash.com/azia/src/template/page-order.html]
[demo.bootstrapdash.com/azia/src/template/page-pricing.html]
[demo.bootstrapdash.com/azia/src/lib/select2/js/select2.min.js]
[demo.bootstrapdash.com/azia/src/img/dash/dash_3.png]
[demo.bootstrapdash.com/azia/src/img/content_section/img_5.png]
[demo.bootstrapdash.com/azia/src/img/avatar/avatar_13.jpg]
[demo.bootstrapdash.com/azia/src/img/avatar/avatar_15.jpg]
[demo.bootstrapdash.com/azia/src/img/avatar/avatar_7.jpg]
[demo.bootstrapdash.com/azia/src/img/avatar/avatar_10.jpg]
[demo.bootstrapdash.com/azia/src/img/avatar/avatar_14.jpg]
[demo.bootstrapdash.com/azia/src/img/avatar/avatar_12.jpg]
[demo.bootstrapdash.com/azia/src/img/dash/dash_1.jpg]
[demo.bootstrapdash.com/azia/src/img/dash/dash_2.jpg]
[demo.bootstrapdash.com/azia/src/template/landing-sass.html]
[demo.bootstrapdash.com/azia/src/template/elem-accordion.html]
[demo.bootstrapdash.com/azia/src/template/elem-alerts.html]
[demo.bootstrapdash.com/azia/src/template/elem-avatar.html]
[demo.bootstrapdash.com/azia/src/template/elem-badge.html]
[demo.bootstrapdash.com/azia/src/template/elem-breadcrumbs.html]
[demo.bootstrapdash.com/azia/src/template/elem-buttons.html]
[demo.bootstrapdash.com/azia/src/template/elem-cards.html]
[demo.bootstrapdash.com/azia/src/img/carousel/banner_1.jpg]
[demo.bootstrapdash.com/azia/src/img/carousel/banner_2.jpg]
[demo.bootstrapdash.com/azia/src/img/carousel/banner_3.jpg]
[demo.bootstrapdash.com/azia/src/img/carousel/banner_4.jpg]
[demo.bootstrapdash.com/azia/src/img/carousel/banner_5.jpg]
[demo.bootstrapdash.com/azia/src/img/carousel/banner_6.jpg]
[demo.bootstrapdash.com/azia/src/img/carousel/banner_7.jpg]
[demo.bootstrapdash.com/azia/src/img/carousel/banner_8.jpg]
[demo.bootstrapdash.com/azia/src/img/carousel/banner_9.jpg]
[demo.bootstrapdash.com/azia/src/img/carousel/banner_10.jpg]
[demo.bootstrapdash.com/azia/src/img/carousel/banner_11.jpg]
[demo.bootstrapdash.com/azia/src/img/carousel/banner_12.jpg]
[demo.bootstrapdash.com/azia/src/template/elem-carousel.html]
[demo.bootstrapdash.com/azia/src/template/elem-collapse.html]
[demo.bootstrapdash.com/azia/src/template/elem-dropdown.html]
[demo.bootstrapdash.com/azia/src/lib/bootstrap/js/bootstrap.bundle.min.js]
[demo.bootstrapdash.com/azia/src/template/elem-icons.html]
[demo.bootstrapdash.com/azia/src/template/elem-images.html]
[demo.bootstrapdash.com/azia/src/template/elem-list-group.html]
[demo.bootstrapdash.com/azia/src/template/elem-media-object.html]
[demo.bootstrapdash.com/azia/src/template/elem-modals.html]
[demo.bootstrapdash.com/azia/src/template/elem-navigation.html]
[demo.bootstrapdash.com/azia/src/template/elem-pagination.html]
[demo.bootstrapdash.com/azia/src/template/elem-popover.html]
[demo.bootstrapdash.com/azia/src/template/elem-progress.html]
[demo.bootstrapdash.com/azia/src/template/elem-spinners.html]
[demo.bootstrapdash.com/azia/src/template/elem-toast.html]
[demo.bootstrapdash.com/azia/src/template/elem-tooltip.html]
[demo.bootstrapdash.com/azia/src/lib/line-awesome/css/line-awesome.min.css]
[demo.bootstrapdash.com/azia/src/lib/spectrum-colorpicker/spectrum.css]
[demo.bootstrapdash.com/azia/src/lib/ion-rangeslider/css/ion.rangeSlider.css]
[demo.bootstrapdash.com/azia/src/lib/ion-rangeslider/css/ion.rangeSlider.skinFlat.css]
[demo.bootstrapdash.com/azia/src/lib/amazeui-datetimepicker/css/amazeui.datetimepicker.css]
[demo.bootstrapdash.com/azia/src/lib/jquery-simple-datetimepicker/jquery.simple-dtpicker.css]
[demo.bootstrapdash.com/azia/src/lib/pickerjs/picker.min.css]
[demo.bootstrapdash.com/azia/src/lib/jquery.maskedinput/jquery.maskedinput.js]
[demo.bootstrapdash.com/azia/src/lib/spectrum-colorpicker/spectrum.js]
[demo.bootstrapdash.com/azia/src/lib/ion-rangeslider/js/ion.rangeSlider.min.js]
[demo.bootstrapdash.com/azia/src/lib/amazeui-datetimepicker/js/amazeui.datetimepicker.min.js]
[demo.bootstrapdash.com/azia/src/lib/jquery-simple-datetimepicker/jquery.simple-dtpicker.js]
[demo.bootstrapdash.com/azia/src/template/form-elements.html]
[demo.bootstrapdash.com/azia/src/lib/pickerjs/picker.min.js]
[demo.bootstrapdash.com/azia/src/img/visa.png]
[demo.bootstrapdash.com/azia/src/template/form-layouts.html]
[demo.bootstrapdash.com/azia/src/img/mastercard.png]
[demo.bootstrapdash.com/azia/src/template/form-validation.html]
[demo.bootstrapdash.com/azia/src/lib/parsleyjs/parsley.min.js]
[demo.bootstrapdash.com/azia/src/template/form-wizards.html]
[demo.bootstrapdash.com/azia/src/lib/jquery-steps/jquery.steps.min.js]
[demo.bootstrapdash.com/azia/src/lib/quill/quill.snow.css]
[demo.bootstrapdash.com/azia/src/lib/quill/quill.bubble.css]
[demo.bootstrapdash.com/azia/src/template/form-editor.html]
[demo.bootstrapdash.com/azia/src/lib/quill/quill.min.js]
[demo.bootstrapdash.com/azia/src/template/chart-morris.html]
[demo.bootstrapdash.com/azia/src/js/chart.morris.js]
[demo.bootstrapdash.com/azia/src/template/chart-flot.html]
[demo.bootstrapdash.com/azia/src/js/chart.flot.js]
[demo.bootstrapdash.com/azia/src/template/chart-chartjs.html]
[demo.bootstrapdash.com/azia/src/js/chart.chartjs.js]
[demo.bootstrapdash.com/azia/src/template/chart-sparkline.html]
[demo.bootstrapdash.com/azia/src/js/chart.sparkline.js]
[demo.bootstrapdash.com/azia/src/template/chart-peity.html]
[demo.bootstrapdash.com/azia/src/js/chart.peity.js]
[demo.bootstrapdash.com/azia/src/lib/gmaps/gmaps.min.js]
[demo.bootstrapdash.com/azia/src/js/map.shiftworker.js]
[demo.bootstrapdash.com/azia/src/js/map.bluewater.js]
[demo.bootstrapdash.com/azia/src/js/map.apple.js]
[demo.bootstrapdash.com/azia/src/template/map-google.html]
[demo.bootstrapdash.com/azia/src/js/map.mapbox.js]
[demo.bootstrapdash.com/azia/src/lib/leaflet/leaflet.css]
[demo.bootstrapdash.com/azia/src/lib/leaflet/leaflet.js]
[demo.bootstrapdash.com/azia/src/template/map-leaflet.html]
[demo.bootstrapdash.com/azia/src/template/map-vector.html]
[demo.bootstrapdash.com/azia/src/template/table-basic.html]
[demo.bootstrapdash.com/azia/src/template/table-data.html]
[demo.bootstrapdash.com/azia/src/template/util-background.html]
[demo.bootstrapdash.com/azia/src/template/util-border.html]
[demo.bootstrapdash.com/azia/src/template/util-display.html]
[demo.bootstrapdash.com/azia/src/template/util-flex.html]
[demo.bootstrapdash.com/azia/src/template/util-height.html]
[demo.bootstrapdash.com/azia/src/template/util-margin.html]
[demo.bootstrapdash.com/azia/src/template/util-padding.html]
[demo.bootstrapdash.com/azia/src/template/util-position.html]
[demo.bootstrapdash.com/azia/src/template/util-typography.html]
[demo.bootstrapdash.com/azia/src/template/util-width.html]
[demo.bootstrapdash.com/azia/src/template/util-extras.html]
[demo.bootstrapdash.com/azia/src/template/russia.html]
[demo.bootstrapdash.com/azia/src/template/chinese.html]
[demo.bootstrapdash.com/azia/src/lib/typicons.font/typicons.svg]
[demo.bootstrapdash.com/azia/img/samples/300x300/1.html]
[demo.bootstrapdash.com/azia/img/samples/300x300/2.html]
[demo.bootstrapdash.com/azia/img/samples/300x300/3.html]
[demo.bootstrapdash.com/azia/src/lib/morris.js/morris.css]
[demo.bootstrapdash.com/azia/src/lib/jqvmap/jqvmap.min.css]
[demo.bootstrapdash.com/azia/src/lib/jqvmap/maps/jquery.vmap.canada.js]
[demo.bootstrapdash.com/azia/src/lib/lightslider/img/controls.png]
[demo.bootstrapdash.com/azia/src/lib/lightslider/css/lightslider.min.css]
[demo.bootstrapdash.com/azia/src/lib/cryptofont/css/cryptofont.min.css]
[demo.bootstrapdash.com/azia/src/lib/fullcalendar/fullcalendar.min.css]
[demo.bootstrapdash.com/azia/src/lib/select2/css/select2.min.css]
[demo.bootstrapdash.com/azia/src/lib/datatables.net-dt/css/jquery.dataTables.min.css]
[demo.bootstrapdash.com/azia/src/lib/datatables.net-responsive-dt/css/responsive.dataTables.min.css]
[demo.bootstrapdash.com/azia/src/lib/line-awesome/css/line-awesome.min.css]
[demo.bootstrapdash.com/azia/src/lib/spectrum-colorpicker/spectrum.css]
[demo.bootstrapdash.com/azia/src/lib/ion-rangeslider/css/ion.rangeSlider.css]
[demo.bootstrapdash.com/azia/src/lib/ion-rangeslider/img/sprite-skin-flat.png]
[demo.bootstrapdash.com/azia/src/lib/ion-rangeslider/css/ion.rangeSlider.skinFlat.css]
[demo.bootstrapdash.com/azia/src/lib/amazeui-datetimepicker/css/amazeui.datetimepicker.css]
[demo.bootstrapdash.com/azia/src/lib/jquery-simple-datetimepicker/jquery.simple-dtpicker.css]
[demo.bootstrapdash.com/azia/src/lib/pickerjs/picker.min.css]
[demo.bootstrapdash.com/azia/src/lib/quill/quill.snow.css]
[demo.bootstrapdash.com/azia/src/lib/quill/quill.bubble.css]
[demo.bootstrapdash.com/azia/src/lib/leaflet/images/layers.png]
[demo.bootstrapdash.com/azia/src/lib/leaflet/images/layers-2x.png]
[demo.bootstrapdash.com/azia/src/lib/leaflet/images/marker-icon.png]
[demo.bootstrapdash.com/azia/src/lib/leaflet/leaflet.css]
[api.tiles.mapbox.com/v4/{id}/{z}/{x}/{y}82fd.json]
